// Vitest Snapshot v1, https://vitest.dev/guide/snapshot.html

exports[`«неявный кит» на реальном каталоге > жёсткие запреты и причины «не нашлось» — два РАЗНЫХ множества 1`] = `
{
  "limited": [
    "AlertDialog",
    "ContextMenu",
    "Dialog",
    "DropdownMenu",
    "HoverCard",
    "Menubar",
    "NavigationMenu",
    "Popover",
    "Sheet",
    "Tooltip",
  ],
  "unresolved": [
    "Carousel",
    "Chart",
    "Command",
    "Drawer",
    "MessageScroller",
    "Resizable",
    "Sidebar",
  ],
}
`;

exports[`каталог: отпечаток не меняется > размер каталога зафиксирован (сдвиг = кит изменился, а не рефактор) 1`] = `209`;

exports[`каталог: отпечаток не меняется > состав, категории и makeNode каждой записи 1`] = `
[
  "Accordion|container|Контейнеры||||||a9f03341|{"children":[{"children":[{"children":["Секция 1"],"component":"$component(AccordionTrigger)"},{"children":[],"component":"$component(AccordionContent)"}],"component":"$component(AccordionItem)","componentProps":{"value":"item-1"}}],"component":"$component(Accordion)","componentProps":{"collapsible":true,"type":"single"}}",
  "AccordionContent|container|Контейнеры|||Accordion|||0614fa68|{"children":[],"component":"$component(AccordionContent)"}",
  "AccordionItem|container|Контейнеры|||Accordion|||995e6123|{"children":[],"component":"$component(AccordionItem)"}",
  "AccordionTrigger|container|Контейнеры|||Accordion|||11f52680|{"children":["Текст"],"component":"$component(AccordionTrigger)"}",
  "Alert|container|Отображение||||||bfccb388|{"children":[{"children":["Заголовок"],"component":"$component(AlertTitle)"},{"children":["Описание"],"component":"$component(AlertDescription)"}],"component":"$component(Alert)"}",
  "AlertDescription|container|Отображение|||Alert|||8d0cb0c7|{"children":["Текст"],"component":"$component(AlertDescription)"}",
  "AlertDialog|container|Оверлеи||||||bcc992ae|{"children":[],"component":"$component(AlertDialog)","componentProps":{"className":"space-y-4"}}",
  "AlertTitle|container|Отображение|||Alert|||8d0cb0c7|{"children":["Текст"],"component":"$component(AlertTitle)"}",
  "AspectRatio|container|Контейнеры||||||1a9845c4|{"children":[],"component":"$component(AspectRatio)","componentProps":{"className":"space-y-4"}}",
  "Attachment|container|Чат||||||df83749a|{"children":[],"component":"$component(Attachment)","componentProps":{"className":"space-y-4"}}",
  "AttachmentAction|container|Чат|||Attachment|||184d8337|{"children":[],"component":"$component(AttachmentAction)"}",
  "AttachmentActions|container|Чат|||Attachment|||8d0cb0c7|{"children":[],"component":"$component(AttachmentActions)"}",
  "AttachmentContent|container|Чат|||Attachment|||8d0cb0c7|{"children":[],"component":"$component(AttachmentContent)"}",
  "AttachmentDescription|container|Чат|||Attachment|||8d0cb0c7|{"children":["Текст"],"component":"$component(AttachmentDescription)"}",
  "AttachmentGroup|container|Чат|||Attachment|||8d0cb0c7|{"children":[],"component":"$component(AttachmentGroup)"}",
  "AttachmentMedia|container|Чат|||Attachment|||619b5a2d|{"children":[],"component":"$component(AttachmentMedia)"}",
  "AttachmentTitle|container|Чат|||Attachment|||8d0cb0c7|{"children":["Текст"],"component":"$component(AttachmentTitle)"}",
  "AttachmentTrigger|container|Чат|||Attachment|||19a9f45a|{"children":["Текст"],"component":"$component(AttachmentTrigger)"}",
  "Avatar|container|Отображение||||||7753ea6c|{"children":[{"children":[],"component":"$component(AvatarImage)"},{"children":["ИИ"],"component":"$component(AvatarFallback)"}],"component":"$component(Avatar)"}",
  "AvatarBadge|container|Отображение|||Avatar|||8d0cb0c7|{"children":[],"component":"$component(AvatarBadge)"}",
  "AvatarFallback|container|Отображение|||Avatar|||00aca7e1|{"children":["Текст"],"component":"$component(AvatarFallback)"}",
  "AvatarGroup|container|Отображение|||Avatar|||8d0cb0c7|{"children":[],"component":"$component(AvatarGroup)"}",
  "AvatarGroupCount|container|Отображение|||Avatar|||8d0cb0c7|{"children":[],"component":"$component(AvatarGroupCount)"}",
  "AvatarImage|container|Отображение|||Avatar|||e03ffd9f|{"children":[],"component":"$component(AvatarImage)"}",
  "Badge|container|Отображение||||||e084b175|{"children":[],"component":"$component(Badge)","componentProps":{"className":"space-y-4"}}",
  "Box|container|Контейнеры||||||268d1cad|{"children":[],"component":"$component(Box)","componentProps":{"className":"space-y-4"}}",
  "Breadcrumb|container|Навигация||||||e427bbad|{"children":[{"children":[{"children":[{"children":["Главная"],"component":"$component(BreadcrumbLink)"}],"component":"$component(BreadcrumbItem)"},{"children":[],"component":"$component(BreadcrumbSeparator)"},{"children":[{"children":["Текущая страница"],"component":"$component(BreadcrumbPage)"}],"component":"$component(BreadcrumbItem)"}],"component":"$component(BreadcrumbList)"}],"component":"$component(Breadcrumb)"}",
  "BreadcrumbEllipsis|container|Навигация|||Breadcrumb|||8d0cb0c7|{"children":[],"component":"$component(BreadcrumbEllipsis)"}",
  "BreadcrumbItem|container|Навигация|||Breadcrumb|||285c3b38|{"children":[],"component":"$component(BreadcrumbItem)"}",
  "BreadcrumbLink|container|Навигация|||Breadcrumb|||054793e8|{"children":["Текст"],"component":"$component(BreadcrumbLink)"}",
  "BreadcrumbList|container|Навигация|||Breadcrumb|||1e03910c|{"children":[],"component":"$component(BreadcrumbList)"}",
  "BreadcrumbPage|container|Навигация|||Breadcrumb|||8d0cb0c7|{"children":["Текст"],"component":"$component(BreadcrumbPage)"}",
  "BreadcrumbSeparator|container|Навигация|||Breadcrumb|||285c3b38|{"children":[],"component":"$component(BreadcrumbSeparator)"}",
  "Bubble|container|Чат||||||ba43835b|{"children":[{"children":["Текст сообщения"],"component":"$component(BubbleContent)"}],"component":"$component(Bubble)"}",
  "BubbleContent|container|Чат|||Bubble|||d48ed2e2|{"children":[],"component":"$component(BubbleContent)"}",
  "BubbleGroup|container|Чат|||Bubble|||8d0cb0c7|{"children":[],"component":"$component(BubbleGroup)"}",
  "BubbleReactions|container|Чат|||Bubble|||72f9c853|{"children":[],"component":"$component(BubbleReactions)"}",
  "Button|container|Действия||||||f44b79f6|{"children":[],"component":"$component(Button)","componentProps":{"className":"space-y-4"}}",
  "ButtonGroup|container|Контейнеры||||||05dc4ac2|{"children":[],"component":"$component(ButtonGroup)","componentProps":{"className":"space-y-4"}}",
  "ButtonGroupSeparator|container|Контейнеры|||ButtonGroup|||21db5a32|{"children":[],"component":"$component(ButtonGroupSeparator)"}",
  "ButtonGroupText|container|Контейнеры|||ButtonGroup|||d48ed2e2|{"children":["Текст"],"component":"$component(ButtonGroupText)"}",
  "Calendar|field|Поля ввода||||CalendarField||6edd8635|{"component":"$component(Calendar)","componentProps":{"label":"Calendar"},"value":"$model(newField)"}",
  "Card|container|Контейнеры||||||058d7755|{"children":[{"children":[{"children":["Заголовок"],"component":"$component(CardTitle)"},{"children":["Описание"],"component":"$component(CardDescription)"}],"component":"$component(CardHeader)"},{"children":[],"component":"$component(CardContent)"},{"children":[],"component":"$component(CardFooter)"}],"component":"$component(Card)"}",
  "CardAction|container|Контейнеры|||Card|||8d0cb0c7|{"children":[],"component":"$component(CardAction)"}",
  "CardContent|container|Контейнеры|||Card|||8d0cb0c7|{"children":[],"component":"$component(CardContent)"}",
  "CardDescription|container|Контейнеры|||Card|||8d0cb0c7|{"children":["Текст"],"component":"$component(CardDescription)"}",
  "CardFooter|container|Контейнеры|||Card|||8d0cb0c7|{"children":[],"component":"$component(CardFooter)"}",
  "CardHeader|container|Контейнеры|||Card|||8d0cb0c7|{"children":[],"component":"$component(CardHeader)"}",
  "CardTitle|container|Контейнеры|||Card|||8d0cb0c7|{"children":["Текст"],"component":"$component(CardTitle)"}",
  "Carousel|container|Отображение||||||11292f27|{"children":[{"children":[{"children":[],"component":"$component(CarouselItem)"}],"component":"$component(CarouselContent)"},{"children":[],"component":"$component(CarouselPrevious)"},{"children":[],"component":"$component(CarouselNext)"}],"component":"$component(Carousel)"}",
  "CarouselContent|container|Отображение|||Carousel|||8d0cb0c7|{"children":[],"component":"$component(CarouselContent)"}",
  "CarouselItem|container|Отображение|||Carousel|||8d0cb0c7|{"children":[],"component":"$component(CarouselItem)"}",
  "CarouselNext|container|Отображение|||Carousel|||09024e72|{"children":[],"component":"$component(CarouselNext)"}",
  "CarouselPrevious|container|Отображение|||Carousel|||09024e72|{"children":[],"component":"$component(CarouselPrevious)"}",
  "Chart|container|Отображение||||||741c1593|{"children":[],"component":"$component(Chart)","componentProps":{"className":"space-y-4"}}",
  "Checkbox|field|Выбор и переключатели||||CheckboxField||a80d12b8|{"component":"$component(Checkbox)","componentProps":{"label":"Checkbox"},"value":"$model(newField)"}",
  "Collapsible|container|Контейнеры||||||e3ddf0ea|{"children":[{"children":["Показать"],"component":"$component(CollapsibleTrigger)"},{"children":[],"component":"$component(CollapsibleContent)"}],"component":"$component(Collapsible)"}",
  "CollapsibleContent|container|Контейнеры|||Collapsible|||0614fa68|{"children":[],"component":"$component(CollapsibleContent)"}",
  "CollapsibleTrigger|container|Контейнеры|||Collapsible|||11f52680|{"children":["Текст"],"component":"$component(CollapsibleTrigger)"}",
  "Combobox|field|Выбор и переключатели|Combobox|Один||ComboboxField||14902d59|{"component":"$component(Combobox)","componentProps":{"label":"Combobox"},"value":"$model(newField)"}",
  "ComboboxMulti|field|Выбор и переключатели|Combobox|Несколько||ComboboxMultiField||2e34a0d8|{"component":"$component(ComboboxMulti)","componentProps":{"label":"ComboboxMulti"},"value":"$model(newField)"}",
  "ComboboxTree|field|Выбор и переключатели|Combobox|Дерево||ComboboxTreeField||9ec39b2e|{"component":"$component(ComboboxTree)","componentProps":{"label":"ComboboxTree"},"value":"$model(newField)"}",
  "ComboboxTreeMulti|field|Выбор и переключатели|Combobox|Дерево, несколько||ComboboxTreeMultiField||c9865697|{"component":"$component(ComboboxTreeMulti)","componentProps":{"label":"ComboboxTreeMulti"},"value":"$model(newField)"}",
  "Command|container|Оверлеи||||||82aa3265|{"children":[],"component":"$component(Command)","componentProps":{"className":"space-y-4"}}",
  "ContextMenu|container|Навигация||||||386fc0e4|{"children":[],"component":"$component(ContextMenu)","componentProps":{"className":"space-y-4"}}",
  "DatePicker|field|Поля ввода||||DatePickerField||60ded2a2|{"component":"$component(DatePicker)","componentProps":{"label":"DatePicker"},"value":"$model(newField)"}",
  "Dialog|container|Оверлеи||||||d93bab82|{"children":[],"component":"$component(Dialog)","componentProps":{"className":"space-y-4"}}",
  "Drawer|container|Оверлеи||||||20397e6b|{"children":[],"component":"$component(Drawer)","componentProps":{"className":"space-y-4"}}",
  "DropdownMenu|container|Навигация||||||51d1efad|{"children":[],"component":"$component(DropdownMenu)","componentProps":{"className":"space-y-4"}}",
  "Empty|container|Отображение||||||959949f3|{"children":[{"children":[{"children":["Нет данных"],"component":"$component(EmptyTitle)"},{"children":["Здесь пока пусто"],"component":"$component(EmptyDescription)"}],"component":"$component(EmptyHeader)"},{"children":[],"component":"$component(EmptyContent)"}],"component":"$component(Empty)"}",
  "EmptyContent|container|Отображение|||Empty|||8d0cb0c7|{"children":[],"component":"$component(EmptyContent)"}",
  "EmptyDescription|container|Отображение|||Empty|||8d0cb0c7|{"children":["Текст"],"component":"$component(EmptyDescription)"}",
  "EmptyHeader|container|Отображение|||Empty|||8d0cb0c7|{"children":[],"component":"$component(EmptyHeader)"}",
  "EmptyMedia|container|Отображение|||Empty|||a94c2ac5|{"children":[],"component":"$component(EmptyMedia)"}",
  "EmptyTitle|container|Отображение|||Empty|||8d0cb0c7|{"children":["Текст"],"component":"$component(EmptyTitle)"}",
  "FileUpload|field|Поля ввода|FileUpload|Файлы||FileUploadField||949de445|{"component":"$component(FileUpload)","componentProps":{"label":"FileUpload"},"value":"$model(newField)"}",
  "FileUploadAvatar|field|Поля ввода|FileUpload|Аватар||FileUploadAvatarField||28194404|{"component":"$component(FileUploadAvatar)","componentProps":{"label":"FileUploadAvatar"},"value":"$model(newField)"}",
  "HoverCard|container|Оверлеи||||||d6f7d29e|{"children":[],"component":"$component(HoverCard)","componentProps":{"className":"space-y-4"}}",
  "Icon|container|Отображение||||||5bdac745|{"component":"$component(Icon)","componentProps":{}}",
  "Input|field|Поля ввода|Input|Текст||InputField||0612c627|{"component":"$component(Input)","componentProps":{"label":"Input"},"value":"$model(newField)"}",
  "InputGroup|container|Контейнеры||||||1f36577e|{"children":[{"children":[],"component":"$component(InputGroupAddon)","componentProps":{"align":"inline-start"}},{"children":[],"component":"$component(InputGroupInput)"}],"component":"$component(InputGroup)"}",
  "InputGroupAddon|container|Контейнеры|||InputGroup|||5af4755a|{"children":[],"component":"$component(InputGroupAddon)"}",
  "InputGroupButton|container|Контейнеры|||InputGroup|||18d83b1d|{"children":[],"component":"$component(InputGroupButton)"}",
  "InputGroupInput|container|Контейнеры|||InputGroup|||c550643b|{"children":[],"component":"$component(InputGroupInput)"}",
  "InputGroupText|container|Контейнеры|||InputGroup|||8d0cb0c7|{"children":["Текст"],"component":"$component(InputGroupText)"}",
  "InputGroupTextarea|container|Контейнеры|||InputGroup|||749f6599|{"children":[],"component":"$component(InputGroupTextarea)"}",
  "InputMask|field|Поля ввода|Input|Маска||InputMaskField||53554a24|{"component":"$component(InputMask)","componentProps":{"label":"InputMask"},"value":"$model(newField)"}",
  "InputOTP|field|Поля ввода|Input|OTP||InputOTPField||3b5a562b|{"component":"$component(InputOTP)","componentProps":{"label":"InputOTP"},"value":"$model(newField)"}",
  "InputPassword|field|Поля ввода|Input|Пароль||InputPasswordField||a7105f13|{"component":"$component(InputPassword)","componentProps":{"label":"InputPassword"},"value":"$model(newField)"}",
  "Item|container|Чат||||||c559ed53|{"children":[{"children":[{"children":["Заголовок"],"component":"$component(ItemTitle)"},{"children":["Описание"],"component":"$component(ItemDescription)"}],"component":"$component(ItemContent)"},{"children":[],"component":"$component(ItemActions)"}],"component":"$component(Item)"}",
  "ItemActions|container|Чат|||Item|||8d0cb0c7|{"children":[],"component":"$component(ItemActions)"}",
  "ItemContent|container|Чат|||Item|||8d0cb0c7|{"children":[],"component":"$component(ItemContent)"}",
  "ItemDescription|container|Чат|||Item|||8d0cb0c7|{"children":["Текст"],"component":"$component(ItemDescription)"}",
  "ItemFooter|container|Чат|||Item|||8d0cb0c7|{"children":[],"component":"$component(ItemFooter)"}",
  "ItemGroup|container|Чат|||Item|||8d0cb0c7|{"children":[],"component":"$component(ItemGroup)"}",
  "ItemHeader|container|Чат|||Item|||8d0cb0c7|{"children":[],"component":"$component(ItemHeader)"}",
  "ItemMedia|container|Чат|||Item|||71488395|{"children":[],"component":"$component(ItemMedia)"}",
  "ItemSeparator|container|Чат|||Item|||1d6d3541|{"children":[],"component":"$component(ItemSeparator)"}",
  "ItemTitle|container|Чат|||Item|||8d0cb0c7|{"children":["Текст"],"component":"$component(ItemTitle)"}",
  "Kbd|container|Отображение||||||fc34b375|{"children":[],"component":"$component(Kbd)","componentProps":{"className":"space-y-4"}}",
  "KbdGroup|container|Отображение|||Kbd|||8d0cb0c7|{"children":[],"component":"$component(KbdGroup)"}",
  "Label|container|Отображение||||||8aaf7179|{"children":[],"component":"$component(Label)","componentProps":{"className":"space-y-4"}}",
  "Marker|container|Отображение||||||536c7979|{"children":[],"component":"$component(Marker)","componentProps":{"className":"space-y-4"}}",
  "MarkerContent|container|Отображение|||Marker|||8d0cb0c7|{"children":[],"component":"$component(MarkerContent)"}",
  "MarkerIcon|container|Отображение|||Marker|||8d0cb0c7|{"children":[],"component":"$component(MarkerIcon)"}",
  "Menubar|container|Навигация||||||2947a18a|{"children":[],"component":"$component(Menubar)","componentProps":{"className":"space-y-4"}}",
  "Message|container|Чат||||||bbd0d8f8|{"children":[{"children":[],"component":"$component(MessageAvatar)"},{"children":["Текст сообщения"],"component":"$component(MessageContent)"}],"component":"$component(Message)"}",
  "MessageAvatar|container|Чат|||Message|||8d0cb0c7|{"children":[],"component":"$component(MessageAvatar)"}",
  "MessageContent|container|Чат|||Message|||8d0cb0c7|{"children":[],"component":"$component(MessageContent)"}",
  "MessageFooter|container|Чат|||Message|||8d0cb0c7|{"children":[],"component":"$component(MessageFooter)"}",
  "MessageGroup|container|Чат|||Message|||8d0cb0c7|{"children":[],"component":"$component(MessageGroup)"}",
  "MessageHeader|container|Чат|||Message|||8d0cb0c7|{"children":[],"component":"$component(MessageHeader)"}",
  "MessageScroller|container|Чат||||||910290a3|{"children":[],"component":"$component(MessageScroller)","componentProps":{"className":"space-y-4"}}",
  "MessageScrollerButton|container|Чат|||MessageScroller|||e7ae0599|{"children":[],"component":"$component(MessageScrollerButton)"}",
  "MessageScrollerContent|container|Чат|||MessageScroller|||bb53cbd8|{"children":[],"component":"$component(MessageScrollerContent)"}",
  "MessageScrollerItem|container|Чат|||MessageScroller|||9f6ffd2f|{"children":[],"component":"$component(MessageScrollerItem)"}",
  "MessageScrollerViewport|container|Чат|||MessageScroller|||140f0bbf|{"children":[],"component":"$component(MessageScrollerViewport)"}",
  "NativeSelect|field|Выбор и переключатели|NativeSelect|Один||NativeSelectField||a04a941a|{"component":"$component(NativeSelect)","componentProps":{"label":"NativeSelect"},"value":"$model(newField)"}",
  "NativeSelectMulti|field|Выбор и переключатели|NativeSelect|Несколько||NativeSelectMultiField||10613fc6|{"component":"$component(NativeSelectMulti)","componentProps":{"label":"NativeSelectMulti"},"value":"$model(newField)"}",
  "NavigationMenu|container|Навигация||||||85d9bd11|{"children":[],"component":"$component(NavigationMenu)","componentProps":{"className":"space-y-4"}}",
  "Pagination|container|Навигация||||||1806f4dc|{"children":[{"children":[{"children":[{"children":[],"component":"$component(PaginationPrevious)"}],"component":"$component(PaginationItem)"},{"children":[{"children":["1"],"component":"$component(PaginationLink)"}],"component":"$component(PaginationItem)"},{"children":[{"children":[],"component":"$component(PaginationNext)"}],"component":"$component(PaginationItem)"}],"component":"$component(PaginationContent)"}],"component":"$component(Pagination)"}",
  "PaginationContent|container|Навигация|||Pagination|||8d0cb0c7|{"children":[],"component":"$component(PaginationContent)"}",
  "PaginationEllipsis|container|Навигация|||Pagination|||8d0cb0c7|{"children":[],"component":"$component(PaginationEllipsis)"}",
  "PaginationItem|container|Навигация|||Pagination|||285c3b38|{"children":[],"component":"$component(PaginationItem)"}",
  "PaginationLink|container|Навигация|||Pagination|||ce226077|{"children":["Текст"],"component":"$component(PaginationLink)"}",
  "PaginationNext|container|Навигация|||Pagination|||ded757cc|{"children":[],"component":"$component(PaginationNext)"}",
  "PaginationPrevious|container|Навигация|||Pagination|||ded757cc|{"children":[],"component":"$component(PaginationPrevious)"}",
  "Popover|container|Оверлеи||||||5ceb5c71|{"children":[],"component":"$component(Popover)","componentProps":{"className":"space-y-4"}}",
  "Progress|container|Отображение||||||72726dc6|{"component":"$component(Progress)","componentProps":{}}",
  "RadioGroup|field|Выбор и переключатели||||RadioGroupField||43d2f161|{"component":"$component(RadioGroup)","componentProps":{"label":"RadioGroup"},"value":"$model(newField)"}",
  "Resizable|container|Контейнеры||||||4242e9b5|{"children":[],"component":"$component(Resizable)","componentProps":{"className":"space-y-4"}}",
  "ResizableHandle|container|Контейнеры|||Resizable|||53b41afe|{"children":[],"component":"$component(ResizableHandle)"}",
  "ResizablePanel|container|Контейнеры|||Resizable|||82e92d1c|{"children":[],"component":"$component(ResizablePanel)"}",
  "ResizablePanelGroup|container|Контейнеры|||Resizable|||b68fb040|{"children":[],"component":"$component(ResizablePanelGroup)"}",
  "ScrollArea|container|Контейнеры||||||58a6d577|{"children":[],"component":"$component(ScrollArea)","componentProps":{"className":"space-y-4"}}",
  "Section|container|Контейнеры||||||94304c5d|{"children":[],"component":"$component(Section)","componentProps":{"className":"space-y-4"}}",
  "Select|field|Выбор и переключатели|Select|Один||SelectField||9aa8c6af|{"component":"$component(Select)","componentProps":{"label":"Select"},"value":"$model(newField)"}",
  "SelectMulti|field|Выбор и переключатели|Select|Несколько||SelectMultiField||2f70b36b|{"component":"$component(SelectMulti)","componentProps":{"label":"SelectMulti"},"value":"$model(newField)"}",
  "Separator|container|Отображение||||||90f61682|{"component":"$component(Separator)","componentProps":{}}",
  "Sheet|container|Оверлеи||||||ea7b29fd|{"children":[],"component":"$component(Sheet)","componentProps":{"className":"space-y-4"}}",
  "Sidebar|container|Контейнеры||||||29ae17d4|{"children":[],"component":"$component(Sidebar)","componentProps":{"className":"space-y-4"}}",
  "Skeleton|container|Отображение||||||d27106b1|{"component":"$component(Skeleton)","componentProps":{}}",
  "Slider|field|Выбор и переключатели||||SliderField||d3e7e7ff|{"component":"$component(Slider)","componentProps":{"label":"Slider"},"value":"$model(newField)"}",
  "Spinner|container|Отображение||||||e322f675|{"component":"$component(Spinner)","componentProps":{}}",
  "Switch|field|Выбор и переключатели||||SwitchField||5aa3d6f7|{"component":"$component(Switch)","componentProps":{"label":"Switch"},"value":"$model(newField)"}",
  "Table|container|Отображение||||||c87e52dd|{"children":[{"children":[{"children":[{"children":["Колонка 1"],"component":"$component(TableHead)"},{"children":["Колонка 2"],"component":"$component(TableHead)"}],"component":"$component(TableRow)"}],"component":"$component(TableHeader)"},{"children":[{"children":[{"children":["Значение 1"],"component":"$component(TableCell)"},{"children":["Значение 2"],"component":"$component(TableCell)"}],"component":"$component(TableRow)"}],"component":"$component(TableBody)"}],"component":"$component(Table)"}",
  "TableBody|container|Отображение|||Table|||8d0cb0c7|{"children":[],"component":"$component(TableBody)"}",
  "TableCaption|container|Отображение|||Table|||8d0cb0c7|{"children":["Текст"],"component":"$component(TableCaption)"}",
  "TableCell|container|Отображение|||Table|||816ca007|{"children":["Текст"],"component":"$component(TableCell)"}",
  "TableFooter|container|Отображение|||Table|||8d0cb0c7|{"children":[],"component":"$component(TableFooter)"}",
  "TableHead|container|Отображение|||Table|||612386d3|{"children":["Текст"],"component":"$component(TableHead)"}",
  "TableHeader|container|Отображение|||Table|||8d0cb0c7|{"children":[],"component":"$component(TableHeader)"}",
  "TableRow|container|Отображение|||Table|||8d0cb0c7|{"children":[],"component":"$component(TableRow)"}",
  "Tabs|container|Контейнеры||||||8ff6a9cc|{"children":[{"children":[{"children":["Вкладка 1"],"component":"$component(TabsTrigger)","componentProps":{"value":"tab-1"}},{"children":["Вкладка 2"],"component":"$component(TabsTrigger)","componentProps":{"value":"tab-2"}}],"component":"$component(TabsList)"},{"children":[],"component":"$component(TabsContent)","componentProps":{"value":"tab-1"}},{"children":[],"component":"$component(TabsContent)","componentProps":{"value":"tab-2"}}],"component":"$component(Tabs)","componentProps":{"defaultValue":"tab-1"}}",
  "TabsContent|container|Контейнеры|||Tabs|||a2aee01f|{"children":[],"component":"$component(TabsContent)"}",
  "TabsList|container|Контейнеры|||Tabs|||1f5dd0bc|{"children":[],"component":"$component(TabsList)"}",
  "TabsTrigger|container|Контейнеры|||Tabs|||57462c77|{"children":["Текст"],"component":"$component(TabsTrigger)"}",
  "Textarea|field|Поля ввода||||TextareaField||7d90c77b|{"component":"$component(Textarea)","componentProps":{"label":"Textarea"},"value":"$model(newField)"}",
  "Toggle|field|Выбор и переключатели||||ToggleField||ffece60d|{"component":"$component(Toggle)","componentProps":{"label":"Toggle"},"value":"$model(newField)"}",
  "ToggleGroup|field|Выбор и переключатели|ToggleGroup|Один||ToggleGroupField||791a8285|{"component":"$component(ToggleGroup)","componentProps":{"label":"ToggleGroup"},"value":"$model(newField)"}",
  "ToggleGroupMulti|field|Выбор и переключатели|ToggleGroup|Несколько||ToggleGroupMultiField||732dd899|{"component":"$component(ToggleGroupMulti)","componentProps":{"label":"ToggleGroupMulti"},"value":"$model(newField)"}",
  "Tooltip|container|Оверлеи||||||b2906777|{"children":[],"component":"$component(Tooltip)","componentProps":{"className":"space-y-4"}}",
  "Tree|container|Отображение||||||f73ae46e|{"component":"$component(Tree)","componentProps":{}}",
  "TypographyBlockquote|container|Типографика||||||6c8af5d8|{"children":[],"component":"$component(TypographyBlockquote)","componentProps":{"className":"space-y-4"}}",
  "TypographyH1|container|Типографика||||||b2d818d3|{"children":[],"component":"$component(TypographyH1)","componentProps":{"className":"space-y-4"}}",
  "TypographyH2|container|Типографика||||||dc8c3f22|{"children":[],"component":"$component(TypographyH2)","componentProps":{"className":"space-y-4"}}",
  "TypographyH3|container|Типографика||||||d4e4480d|{"children":[],"component":"$component(TypographyH3)","componentProps":{"className":"space-y-4"}}",
  "TypographyH4|container|Типографика||||||5e27258c|{"children":[],"component":"$component(TypographyH4)","componentProps":{"className":"space-y-4"}}",
  "TypographyInlineCode|container|Типографика||||||7b1c60d3|{"children":[],"component":"$component(TypographyInlineCode)","componentProps":{"className":"space-y-4"}}",
  "TypographyLarge|container|Типографика||||||b5efd86e|{"children":[],"component":"$component(TypographyLarge)","componentProps":{"className":"space-y-4"}}",
  "TypographyLead|container|Типографика||||||ad06a439|{"children":[],"component":"$component(TypographyLead)","componentProps":{"className":"space-y-4"}}",
  "TypographyList|container|Типографика||||||57e475ab|{"children":[],"component":"$component(TypographyList)","componentProps":{"className":"space-y-4"}}",
  "TypographyMuted|container|Типографика||||||8b6f8973|{"children":[],"component":"$component(TypographyMuted)","componentProps":{"className":"space-y-4"}}",
  "TypographyP|container|Типографика||||||c2f35d6b|{"children":[],"component":"$component(TypographyP)","componentProps":{"className":"space-y-4"}}",
  "TypographySmall|container|Типографика||||||c93fb13c|{"children":[],"component":"$component(TypographySmall)","componentProps":{"className":"space-y-4"}}",
  "$html(div)|container|HTML||||||fc6adf2b|{"children":[],"component":"$html(div)","componentProps":{"className":"flex gap-4"}}",
  "$html(section)|container|HTML||||||fc6adf2b|{"children":[],"component":"$html(section)","componentProps":{"className":"space-y-4"}}",
  "$html(article)|container|HTML||||||fc6adf2b|{"children":[],"component":"$html(article)","componentProps":{"className":"space-y-4"}}",
  "$html(aside)|container|HTML||||||fc6adf2b|{"children":[],"component":"$html(aside)","componentProps":{"className":"space-y-4"}}",
  "$html(header)|container|HTML||||||fc6adf2b|{"children":[],"component":"$html(header)","componentProps":{"className":"space-y-4"}}",
  "$html(footer)|container|HTML||||||fc6adf2b|{"children":[],"component":"$html(footer)","componentProps":{"className":"space-y-4"}}",
  "$html(nav)|container|HTML||||||fc6adf2b|{"children":[],"component":"$html(nav)","componentProps":{"className":"flex gap-4"}}",
  "$html(main)|container|HTML||||||fc6adf2b|{"children":[],"component":"$html(main)","componentProps":{"className":"space-y-4"}}",
  "$html(fieldset)|container|HTML||||||fc6adf2b|{"children":[],"component":"$html(fieldset)","componentProps":{"className":"space-y-4"}}",
  "$html(h1)|container|HTML||||||fc6adf2b|{"children":["Заголовок"],"component":"$html(h1)"}",
  "$html(h2)|container|HTML||||||fc6adf2b|{"children":["Заголовок"],"component":"$html(h2)"}",
  "$html(h3)|container|HTML||||||fc6adf2b|{"children":["Заголовок"],"component":"$html(h3)"}",
  "$html(h4)|container|HTML||||||fc6adf2b|{"children":["Заголовок"],"component":"$html(h4)"}",
  "$html(h5)|container|HTML||||||fc6adf2b|{"children":["Заголовок"],"component":"$html(h5)"}",
  "$html(h6)|container|HTML||||||fc6adf2b|{"children":["Заголовок"],"component":"$html(h6)"}",
  "$html(p)|container|HTML||||||fc6adf2b|{"children":["Текст"],"component":"$html(p)"}",
  "$html(span)|container|HTML||||||fc6adf2b|{"children":["Текст"],"component":"$html(span)"}",
  "$html(strong)|container|HTML||||||fc6adf2b|{"children":["Текст"],"component":"$html(strong)"}",
  "$html(em)|container|HTML||||||fc6adf2b|{"children":["Текст"],"component":"$html(em)"}",
  "$html(small)|container|HTML||||||fc6adf2b|{"children":["Текст"],"component":"$html(small)"}",
  "$html(blockquote)|container|HTML||||||a67dd273|{"children":["Цитата"],"component":"$html(blockquote)"}",
  "$html(code)|container|HTML||||||fc6adf2b|{"children":["code"],"component":"$html(code)"}",
  "$html(pre)|container|HTML||||||fc6adf2b|{"children":["Текст"],"component":"$html(pre)"}",
  "$html(a)|container|HTML||||||46d2e21b|{"children":["Ссылка"],"component":"$html(a)"}",
  "$html(label)|container|HTML||||||b56f50d5|{"children":["Подпись"],"component":"$html(label)"}",
  "$html(br)|container|HTML||||||fc6adf2b|{"component":"$html(br)","componentProps":{}}",
  "$html(ul)|container|HTML||||||fc6adf2b|{"children":[],"component":"$html(ul)","componentProps":{"className":"list-disc space-y-1 pl-5"}}",
  "$html(ol)|container|HTML||||||e343652b|{"children":[],"component":"$html(ol)","componentProps":{"className":"list-decimal space-y-1 pl-5"}}",
  "$html(li)|container|HTML||||||fc6adf2b|{"children":[],"component":"$html(li)","componentProps":{}}",
  "$html(hr)|container|HTML||||||fc6adf2b|{"component":"$html(hr)","componentProps":{}}",
  "$html(img)|container|HTML||||||e98e4af1|{"component":"$html(img)","componentProps":{}}",
  "FormArray|array|Массив||||||59036b17|{"array":"$model(items)","componentProps":{"addButtonLabel":"+ Добавить элемент"},"item":{"$template":{"children":[],"component":"$component(Box)","componentProps":{"className":"space-y-3"}}}}",
  "Wizard|container|Мастер||||||f7b00415|{"component":"$component(Wizard)","componentProps":{"steps":[{"children":[],"component":"$component(Step)","componentProps":{"title":"Шаг 1"}}]}}",
  "Step|container|Мастер||||||02666ea6|{"children":[],"component":"$component(Step)","componentProps":{"title":"Шаг"}}",
]
`;
