// Vitest Snapshot v1, https://vitest.dev/guide/snapshot.html

exports[`«неявный кит» на реальном каталоге > жёсткие запреты и причины «не нашлось» — два РАЗНЫХ множества 1`] = `
{
  "limited": [
    "AlertDialog",
    "ContextMenu",
    "Dialog",
    "DropdownMenu",
    "HoverCard",
    "Menubar",
    "NavigationMenu",
    "Popover",
    "Sheet",
    "Tooltip",
  ],
  "unresolved": [
    "Carousel",
    "Chart",
    "Command",
    "Drawer",
    "MessageScroller",
    "Resizable",
    "Sidebar",
  ],
}
`;

exports[`каталог: отпечаток не меняется > размер каталога зафиксирован (сдвиг = кит изменился, а не рефактор) 1`] = `202`;

exports[`каталог: отпечаток не меняется > состав, категории и makeNode каждой записи 1`] = `
[
  "Accordion|container|Контейнеры||||||e93d1de6|{"children":[{"children":[{"children":["Секция 1"],"component":"$component(AccordionTrigger)"},{"children":[],"component":"$component(AccordionContent)"}],"component":"$component(AccordionItem)","componentProps":{"value":"item-1"}}],"component":"$component(Accordion)","componentProps":{"collapsible":true,"type":"single"}}",
  "AccordionContent|container|Контейнеры|||Accordion|||374be964|{"children":[],"component":"$component(AccordionContent)"}",
  "AccordionItem|container|Контейнеры|||Accordion|||4a23c2e8|{"children":[],"component":"$component(AccordionItem)"}",
  "AccordionTrigger|container|Контейнеры|||Accordion|||374be964|{"children":["Текст"],"component":"$component(AccordionTrigger)"}",
  "Alert|container|Отображение||||||a8db34cd|{"children":[{"children":["Заголовок"],"component":"$component(AlertTitle)"},{"children":["Описание"],"component":"$component(AlertDescription)"}],"component":"$component(Alert)"}",
  "AlertDescription|container|Отображение|||Alert|||374be964|{"children":["Текст"],"component":"$component(AlertDescription)"}",
  "AlertDialog|container|Оверлеи||||||93b2c252|{"children":[],"component":"$component(AlertDialog)","componentProps":{"className":"space-y-4"}}",
  "AlertTitle|container|Отображение|||Alert|||374be964|{"children":["Текст"],"component":"$component(AlertTitle)"}",
  "AspectRatio|container|Контейнеры||||||d798bc4e|{"children":[],"component":"$component(AspectRatio)","componentProps":{"className":"space-y-4"}}",
  "Attachment|container|Чат||||||42c4314d|{"children":[],"component":"$component(Attachment)","componentProps":{"className":"space-y-4"}}",
  "AttachmentAction|container|Чат|||Attachment|||374be964|{"children":[],"component":"$component(AttachmentAction)"}",
  "AttachmentActions|container|Чат|||Attachment|||374be964|{"children":[],"component":"$component(AttachmentActions)"}",
  "AttachmentContent|container|Чат|||Attachment|||374be964|{"children":[],"component":"$component(AttachmentContent)"}",
  "AttachmentDescription|container|Чат|||Attachment|||374be964|{"children":["Текст"],"component":"$component(AttachmentDescription)"}",
  "AttachmentGroup|container|Чат|||Attachment|||374be964|{"children":[],"component":"$component(AttachmentGroup)"}",
  "AttachmentMedia|container|Чат|||Attachment|||374be964|{"children":[],"component":"$component(AttachmentMedia)"}",
  "AttachmentTitle|container|Чат|||Attachment|||374be964|{"children":["Текст"],"component":"$component(AttachmentTitle)"}",
  "AttachmentTrigger|container|Чат|||Attachment|||374be964|{"children":["Текст"],"component":"$component(AttachmentTrigger)"}",
  "Avatar|container|Отображение||||||a11062b4|{"children":[{"children":[],"component":"$component(AvatarImage)"},{"children":["ИИ"],"component":"$component(AvatarFallback)"}],"component":"$component(Avatar)"}",
  "AvatarBadge|container|Отображение|||Avatar|||374be964|{"children":[],"component":"$component(AvatarBadge)"}",
  "AvatarFallback|container|Отображение|||Avatar|||374be964|{"children":["Текст"],"component":"$component(AvatarFallback)"}",
  "AvatarGroup|container|Отображение|||Avatar|||374be964|{"children":[],"component":"$component(AvatarGroup)"}",
  "AvatarGroupCount|container|Отображение|||Avatar|||374be964|{"children":[],"component":"$component(AvatarGroupCount)"}",
  "AvatarImage|container|Отображение|||Avatar|||38cd4125|{"children":[],"component":"$component(AvatarImage)"}",
  "Badge|container|Отображение||||||c0f0d24d|{"children":[],"component":"$component(Badge)","componentProps":{"className":"space-y-4"}}",
  "Box|container|Контейнеры||||||882a56ed|{"children":[],"component":"$component(Box)","componentProps":{"className":"space-y-4"}}",
  "Breadcrumb|container|Навигация||||||03d1491e|{"children":[{"children":[{"children":[{"children":["Главная"],"component":"$component(BreadcrumbLink)"}],"component":"$component(BreadcrumbItem)"},{"children":[],"component":"$component(BreadcrumbSeparator)"},{"children":[{"children":["Текущая страница"],"component":"$component(BreadcrumbPage)"}],"component":"$component(BreadcrumbItem)"}],"component":"$component(BreadcrumbList)"}],"component":"$component(Breadcrumb)"}",
  "BreadcrumbEllipsis|container|Навигация|||Breadcrumb|||374be964|{"children":[],"component":"$component(BreadcrumbEllipsis)"}",
  "BreadcrumbItem|container|Навигация|||Breadcrumb|||374be964|{"children":[],"component":"$component(BreadcrumbItem)"}",
  "BreadcrumbLink|container|Навигация|||Breadcrumb|||f4868969|{"children":["Текст"],"component":"$component(BreadcrumbLink)"}",
  "BreadcrumbList|container|Навигация|||Breadcrumb|||374be964|{"children":[],"component":"$component(BreadcrumbList)"}",
  "BreadcrumbPage|container|Навигация|||Breadcrumb|||374be964|{"children":["Текст"],"component":"$component(BreadcrumbPage)"}",
  "BreadcrumbSeparator|container|Навигация|||Breadcrumb|||374be964|{"children":[],"component":"$component(BreadcrumbSeparator)"}",
  "Bubble|container|Чат||||||1a87dd9c|{"children":[{"children":["Текст сообщения"],"component":"$component(BubbleContent)"}],"component":"$component(Bubble)"}",
  "BubbleContent|container|Чат|||Bubble|||374be964|{"children":[],"component":"$component(BubbleContent)"}",
  "BubbleGroup|container|Чат|||Bubble|||374be964|{"children":[],"component":"$component(BubbleGroup)"}",
  "BubbleReactions|container|Чат|||Bubble|||374be964|{"children":[],"component":"$component(BubbleReactions)"}",
  "Button|container|Действия||||||c87abf54|{"children":[],"component":"$component(Button)","componentProps":{"className":"space-y-4"}}",
  "ButtonGroup|container|Контейнеры||||||62fe72a3|{"children":[],"component":"$component(ButtonGroup)","componentProps":{"className":"space-y-4"}}",
  "ButtonGroupSeparator|container|Контейнеры|||ButtonGroup|||374be964|{"children":[],"component":"$component(ButtonGroupSeparator)"}",
  "ButtonGroupText|container|Контейнеры|||ButtonGroup|||374be964|{"children":["Текст"],"component":"$component(ButtonGroupText)"}",
  "Calendar|field|Поля ввода||||||669acbaf|{"component":"$component(Calendar)","componentProps":{"label":"Calendar"},"value":"$model(newField)"}",
  "Card|container|Контейнеры||||||888560f2|{"children":[{"children":[{"children":["Заголовок"],"component":"$component(CardTitle)"},{"children":["Описание"],"component":"$component(CardDescription)"}],"component":"$component(CardHeader)"},{"children":[],"component":"$component(CardContent)"},{"children":[],"component":"$component(CardFooter)"}],"component":"$component(Card)"}",
  "CardAction|container|Контейнеры|||Card|||374be964|{"children":[],"component":"$component(CardAction)"}",
  "CardContent|container|Контейнеры|||Card|||374be964|{"children":[],"component":"$component(CardContent)"}",
  "CardDescription|container|Контейнеры|||Card|||374be964|{"children":["Текст"],"component":"$component(CardDescription)"}",
  "CardFooter|container|Контейнеры|||Card|||374be964|{"children":[],"component":"$component(CardFooter)"}",
  "CardHeader|container|Контейнеры|||Card|||374be964|{"children":[],"component":"$component(CardHeader)"}",
  "CardTitle|container|Контейнеры|||Card|||374be964|{"children":["Текст"],"component":"$component(CardTitle)"}",
  "Carousel|container|Отображение||||||a2c4b71c|{"children":[{"children":[{"children":[],"component":"$component(CarouselItem)"}],"component":"$component(CarouselContent)"},{"children":[],"component":"$component(CarouselPrevious)"},{"children":[],"component":"$component(CarouselNext)"}],"component":"$component(Carousel)"}",
  "CarouselContent|container|Отображение|||Carousel|||374be964|{"children":[],"component":"$component(CarouselContent)"}",
  "CarouselItem|container|Отображение|||Carousel|||374be964|{"children":[],"component":"$component(CarouselItem)"}",
  "CarouselNext|container|Отображение|||Carousel|||374be964|{"children":[],"component":"$component(CarouselNext)"}",
  "CarouselPrevious|container|Отображение|||Carousel|||374be964|{"children":[],"component":"$component(CarouselPrevious)"}",
  "Chart|container|Отображение||||||e9b2f508|{"children":[],"component":"$component(Chart)","componentProps":{"className":"space-y-4"}}",
  "Checkbox|field|Выбор и переключатели||||||638de0a7|{"component":"$component(Checkbox)","componentProps":{"label":"Checkbox"},"value":"$model(newField)"}",
  "Collapsible|container|Контейнеры||||||57690c5e|{"children":[{"children":["Показать"],"component":"$component(CollapsibleTrigger)"},{"children":[],"component":"$component(CollapsibleContent)"}],"component":"$component(Collapsible)"}",
  "CollapsibleContent|container|Контейнеры|||Collapsible|||374be964|{"children":[],"component":"$component(CollapsibleContent)"}",
  "CollapsibleTrigger|container|Контейнеры|||Collapsible|||374be964|{"children":["Текст"],"component":"$component(CollapsibleTrigger)"}",
  "Combobox|field|Выбор и переключатели||||||ad6c43ae|{"component":"$component(Combobox)","componentProps":{"label":"Combobox"},"value":"$model(newField)"}",
  "Command|container|Оверлеи||||||76bf9678|{"children":[],"component":"$component(Command)","componentProps":{"className":"space-y-4"}}",
  "ContextMenu|container|Навигация||||||ac83b4e2|{"children":[],"component":"$component(ContextMenu)","componentProps":{"className":"space-y-4"}}",
  "DatePicker|field|Поля ввода||||||e3b4c41d|{"component":"$component(DatePicker)","componentProps":{"label":"DatePicker"},"value":"$model(newField)"}",
  "Dialog|container|Оверлеи||||||29459946|{"children":[],"component":"$component(Dialog)","componentProps":{"className":"space-y-4"}}",
  "Drawer|container|Оверлеи||||||6161ab4a|{"children":[],"component":"$component(Drawer)","componentProps":{"className":"space-y-4"}}",
  "DropdownMenu|container|Навигация||||||d7e4c66a|{"children":[],"component":"$component(DropdownMenu)","componentProps":{"className":"space-y-4"}}",
  "Empty|container|Отображение||||||0cf73bb6|{"children":[{"children":[{"children":["Нет данных"],"component":"$component(EmptyTitle)"},{"children":["Здесь пока пусто"],"component":"$component(EmptyDescription)"}],"component":"$component(EmptyHeader)"},{"children":[],"component":"$component(EmptyContent)"}],"component":"$component(Empty)"}",
  "EmptyContent|container|Отображение|||Empty|||374be964|{"children":[],"component":"$component(EmptyContent)"}",
  "EmptyDescription|container|Отображение|||Empty|||374be964|{"children":["Текст"],"component":"$component(EmptyDescription)"}",
  "EmptyHeader|container|Отображение|||Empty|||374be964|{"children":[],"component":"$component(EmptyHeader)"}",
  "EmptyMedia|container|Отображение|||Empty|||374be964|{"children":[],"component":"$component(EmptyMedia)"}",
  "EmptyTitle|container|Отображение|||Empty|||374be964|{"children":["Текст"],"component":"$component(EmptyTitle)"}",
  "FileUpload|field|Поля ввода|FileUpload|Файлы||||6fffc011|{"component":"$component(FileUpload)","componentProps":{"label":"FileUpload"},"value":"$model(newField)"}",
  "FileUploadAvatar|field|Поля ввода|FileUpload|Аватар||||92c3c232|{"component":"$component(FileUploadAvatar)","componentProps":{"label":"FileUploadAvatar"},"value":"$model(newField)"}",
  "HoverCard|container|Оверлеи||||||4d490f03|{"children":[],"component":"$component(HoverCard)","componentProps":{"className":"space-y-4"}}",
  "Icon|container|Отображение||||||5bdac745|{"component":"$component(Icon)","componentProps":{}}",
  "Input|field|Поля ввода|Input|Текст||||4fb54b28|{"component":"$component(Input)","componentProps":{"label":"Input"},"value":"$model(newField)"}",
  "InputGroup|container|Контейнеры||||||e0ab0141|{"children":[{"children":[],"component":"$component(InputGroupAddon)","componentProps":{"align":"inline-start"}},{"children":[],"component":"$component(InputGroupInput)"}],"component":"$component(InputGroup)"}",
  "InputGroupAddon|container|Контейнеры|||InputGroup|||b69a67c5|{"children":[],"component":"$component(InputGroupAddon)"}",
  "InputGroupButton|container|Контейнеры|||InputGroup|||374be964|{"children":[],"component":"$component(InputGroupButton)"}",
  "InputGroupInput|container|Контейнеры|||InputGroup|||374be964|{"children":[],"component":"$component(InputGroupInput)"}",
  "InputGroupText|container|Контейнеры|||InputGroup|||374be964|{"children":["Текст"],"component":"$component(InputGroupText)"}",
  "InputGroupTextarea|container|Контейнеры|||InputGroup|||374be964|{"children":[],"component":"$component(InputGroupTextarea)"}",
  "InputMask|field|Поля ввода|Input|Маска||||032eac75|{"component":"$component(InputMask)","componentProps":{"label":"InputMask"},"value":"$model(newField)"}",
  "InputOTP|field|Поля ввода|Input|OTP||||a26afa66|{"component":"$component(InputOTP)","componentProps":{"label":"InputOTP"},"value":"$model(newField)"}",
  "InputPassword|field|Поля ввода|Input|Пароль||||321dc4cc|{"component":"$component(InputPassword)","componentProps":{"label":"InputPassword"},"value":"$model(newField)"}",
  "Item|container|Чат||||||621e0063|{"children":[{"children":[{"children":["Заголовок"],"component":"$component(ItemTitle)"},{"children":["Описание"],"component":"$component(ItemDescription)"}],"component":"$component(ItemContent)"},{"children":[],"component":"$component(ItemActions)"}],"component":"$component(Item)"}",
  "ItemActions|container|Чат|||Item|||374be964|{"children":[],"component":"$component(ItemActions)"}",
  "ItemContent|container|Чат|||Item|||374be964|{"children":[],"component":"$component(ItemContent)"}",
  "ItemDescription|container|Чат|||Item|||374be964|{"children":["Текст"],"component":"$component(ItemDescription)"}",
  "ItemFooter|container|Чат|||Item|||374be964|{"children":[],"component":"$component(ItemFooter)"}",
  "ItemGroup|container|Чат|||Item|||374be964|{"children":[],"component":"$component(ItemGroup)"}",
  "ItemHeader|container|Чат|||Item|||374be964|{"children":[],"component":"$component(ItemHeader)"}",
  "ItemMedia|container|Чат|||Item|||374be964|{"children":[],"component":"$component(ItemMedia)"}",
  "ItemSeparator|container|Чат|||Item|||374be964|{"children":[],"component":"$component(ItemSeparator)"}",
  "ItemTitle|container|Чат|||Item|||374be964|{"children":["Текст"],"component":"$component(ItemTitle)"}",
  "Kbd|container|Отображение||||||e7845860|{"children":[],"component":"$component(Kbd)","componentProps":{"className":"space-y-4"}}",
  "KbdGroup|container|Отображение|||Kbd|||374be964|{"children":[],"component":"$component(KbdGroup)"}",
  "Label|container|Отображение||||||f938a7f3|{"children":[],"component":"$component(Label)","componentProps":{"className":"space-y-4"}}",
  "Marker|container|Отображение||||||70a90bcd|{"children":[],"component":"$component(Marker)","componentProps":{"className":"space-y-4"}}",
  "MarkerContent|container|Отображение|||Marker|||374be964|{"children":[],"component":"$component(MarkerContent)"}",
  "MarkerIcon|container|Отображение|||Marker|||374be964|{"children":[],"component":"$component(MarkerIcon)"}",
  "Menubar|container|Навигация||||||1106c14f|{"children":[],"component":"$component(Menubar)","componentProps":{"className":"space-y-4"}}",
  "Message|container|Чат||||||fb56dca9|{"children":[{"children":[],"component":"$component(MessageAvatar)"},{"children":["Текст сообщения"],"component":"$component(MessageContent)"}],"component":"$component(Message)"}",
  "MessageAvatar|container|Чат|||Message|||374be964|{"children":[],"component":"$component(MessageAvatar)"}",
  "MessageContent|container|Чат|||Message|||374be964|{"children":[],"component":"$component(MessageContent)"}",
  "MessageFooter|container|Чат|||Message|||374be964|{"children":[],"component":"$component(MessageFooter)"}",
  "MessageGroup|container|Чат|||Message|||374be964|{"children":[],"component":"$component(MessageGroup)"}",
  "MessageHeader|container|Чат|||Message|||374be964|{"children":[],"component":"$component(MessageHeader)"}",
  "MessageScroller|container|Чат||||||d6d844fe|{"children":[],"component":"$component(MessageScroller)","componentProps":{"className":"space-y-4"}}",
  "MessageScrollerButton|container|Чат|||MessageScroller|||374be964|{"children":[],"component":"$component(MessageScrollerButton)"}",
  "MessageScrollerContent|container|Чат|||MessageScroller|||374be964|{"children":[],"component":"$component(MessageScrollerContent)"}",
  "MessageScrollerItem|container|Чат|||MessageScroller|||374be964|{"children":[],"component":"$component(MessageScrollerItem)"}",
  "MessageScrollerViewport|container|Чат|||MessageScroller|||374be964|{"children":[],"component":"$component(MessageScrollerViewport)"}",
  "NativeSelect|field|Выбор и переключатели||||||678d82d8|{"component":"$component(NativeSelect)","componentProps":{"label":"NativeSelect"},"value":"$model(newField)"}",
  "NavigationMenu|container|Навигация||||||dd5f95c3|{"children":[],"component":"$component(NavigationMenu)","componentProps":{"className":"space-y-4"}}",
  "Pagination|container|Навигация||||||200b6397|{"children":[{"children":[{"children":[{"children":[],"component":"$component(PaginationPrevious)"}],"component":"$component(PaginationItem)"},{"children":[{"children":["1"],"component":"$component(PaginationLink)"}],"component":"$component(PaginationItem)"},{"children":[{"children":[],"component":"$component(PaginationNext)"}],"component":"$component(PaginationItem)"}],"component":"$component(PaginationContent)"}],"component":"$component(Pagination)"}",
  "PaginationContent|container|Навигация|||Pagination|||374be964|{"children":[],"component":"$component(PaginationContent)"}",
  "PaginationEllipsis|container|Навигация|||Pagination|||374be964|{"children":[],"component":"$component(PaginationEllipsis)"}",
  "PaginationItem|container|Навигация|||Pagination|||374be964|{"children":[],"component":"$component(PaginationItem)"}",
  "PaginationLink|container|Навигация|||Pagination|||da709f7c|{"children":["Текст"],"component":"$component(PaginationLink)"}",
  "PaginationNext|container|Навигация|||Pagination|||374be964|{"children":[],"component":"$component(PaginationNext)"}",
  "PaginationPrevious|container|Навигация|||Pagination|||374be964|{"children":[],"component":"$component(PaginationPrevious)"}",
  "Popover|container|Оверлеи||||||bc6f52de|{"children":[],"component":"$component(Popover)","componentProps":{"className":"space-y-4"}}",
  "Progress|container|Отображение||||||bfa63e66|{"component":"$component(Progress)","componentProps":{}}",
  "RadioGroup|field|Выбор и переключатели||||||6a459ed8|{"component":"$component(RadioGroup)","componentProps":{"label":"RadioGroup"},"value":"$model(newField)"}",
  "Resizable|container|Контейнеры||||||29aeead1|{"children":[],"component":"$component(Resizable)","componentProps":{"className":"space-y-4"}}",
  "ResizableHandle|container|Контейнеры|||Resizable|||374be964|{"children":[],"component":"$component(ResizableHandle)"}",
  "ResizablePanel|container|Контейнеры|||Resizable|||374be964|{"children":[],"component":"$component(ResizablePanel)"}",
  "ResizablePanelGroup|container|Контейнеры|||Resizable|||374be964|{"children":[],"component":"$component(ResizablePanelGroup)"}",
  "ScrollArea|container|Контейнеры||||||ea772ea3|{"children":[],"component":"$component(ScrollArea)","componentProps":{"className":"space-y-4"}}",
  "Section|container|Контейнеры||||||839e6dbd|{"children":[],"component":"$component(Section)","componentProps":{"className":"space-y-4"}}",
  "Select|field|Выбор и переключатели||||||51a2476a|{"component":"$component(Select)","componentProps":{"label":"Select"},"value":"$model(newField)"}",
  "Separator|container|Отображение||||||8c9f746c|{"component":"$component(Separator)","componentProps":{}}",
  "Sheet|container|Оверлеи||||||1f06f2d9|{"children":[],"component":"$component(Sheet)","componentProps":{"className":"space-y-4"}}",
  "Sidebar|container|Контейнеры||||||7885b661|{"children":[],"component":"$component(Sidebar)","componentProps":{"className":"space-y-4"}}",
  "Skeleton|container|Отображение||||||7502b942|{"component":"$component(Skeleton)","componentProps":{}}",
  "Slider|field|Выбор и переключатели||||||fd765f39|{"component":"$component(Slider)","componentProps":{"label":"Slider"},"value":"$model(newField)"}",
  "Spinner|container|Отображение||||||9136d457|{"component":"$component(Spinner)","componentProps":{}}",
  "Switch|field|Выбор и переключатели||||||ce4c71d3|{"component":"$component(Switch)","componentProps":{"label":"Switch"},"value":"$model(newField)"}",
  "Table|container|Отображение||||||db441094|{"children":[{"children":[{"children":[{"children":["Колонка 1"],"component":"$component(TableHead)"},{"children":["Колонка 2"],"component":"$component(TableHead)"}],"component":"$component(TableRow)"}],"component":"$component(TableHeader)"},{"children":[{"children":[{"children":["Значение 1"],"component":"$component(TableCell)"},{"children":["Значение 2"],"component":"$component(TableCell)"}],"component":"$component(TableRow)"}],"component":"$component(TableBody)"}],"component":"$component(Table)"}",
  "TableBody|container|Отображение|||Table|||374be964|{"children":[],"component":"$component(TableBody)"}",
  "TableCaption|container|Отображение|||Table|||374be964|{"children":["Текст"],"component":"$component(TableCaption)"}",
  "TableCell|container|Отображение|||Table|||374be964|{"children":["Текст"],"component":"$component(TableCell)"}",
  "TableFooter|container|Отображение|||Table|||374be964|{"children":[],"component":"$component(TableFooter)"}",
  "TableHead|container|Отображение|||Table|||374be964|{"children":["Текст"],"component":"$component(TableHead)"}",
  "TableHeader|container|Отображение|||Table|||374be964|{"children":[],"component":"$component(TableHeader)"}",
  "TableRow|container|Отображение|||Table|||374be964|{"children":[],"component":"$component(TableRow)"}",
  "Tabs|container|Контейнеры||||||5ea6e14c|{"children":[{"children":[{"children":["Вкладка 1"],"component":"$component(TabsTrigger)","componentProps":{"value":"tab-1"}},{"children":["Вкладка 2"],"component":"$component(TabsTrigger)","componentProps":{"value":"tab-2"}}],"component":"$component(TabsList)"},{"children":[],"component":"$component(TabsContent)","componentProps":{"value":"tab-1"}},{"children":[],"component":"$component(TabsContent)","componentProps":{"value":"tab-2"}}],"component":"$component(Tabs)","componentProps":{"defaultValue":"tab-1"}}",
  "TabsContent|container|Контейнеры|||Tabs|||b3d2d811|{"children":[],"component":"$component(TabsContent)"}",
  "TabsList|container|Контейнеры|||Tabs|||374be964|{"children":[],"component":"$component(TabsList)"}",
  "TabsTrigger|container|Контейнеры|||Tabs|||0c3c5ffb|{"children":["Текст"],"component":"$component(TabsTrigger)"}",
  "Textarea|field|Поля ввода||||||39b67cb7|{"component":"$component(Textarea)","componentProps":{"label":"Textarea"},"value":"$model(newField)"}",
  "Toggle|field|Выбор и переключатели||||||15731c7b|{"component":"$component(Toggle)","componentProps":{"label":"Toggle"},"value":"$model(newField)"}",
  "ToggleGroup|field|Выбор и переключатели||||||16b399c5|{"component":"$component(ToggleGroup)","componentProps":{"label":"ToggleGroup"},"value":"$model(newField)"}",
  "Tooltip|container|Оверлеи||||||d4bff538|{"children":[],"component":"$component(Tooltip)","componentProps":{"className":"space-y-4"}}",
  "TypographyBlockquote|container|Типографика||||||030fc3e6|{"children":[],"component":"$component(TypographyBlockquote)","componentProps":{"className":"space-y-4"}}",
  "TypographyH1|container|Типографика||||||59a005b8|{"children":[],"component":"$component(TypographyH1)","componentProps":{"className":"space-y-4"}}",
  "TypographyH2|container|Типографика||||||338e310d|{"children":[],"component":"$component(TypographyH2)","componentProps":{"className":"space-y-4"}}",
  "TypographyH3|container|Типографика||||||065da20a|{"children":[],"component":"$component(TypographyH3)","componentProps":{"className":"space-y-4"}}",
  "TypographyH4|container|Типографика||||||87fbbe07|{"children":[],"component":"$component(TypographyH4)","componentProps":{"className":"space-y-4"}}",
  "TypographyInlineCode|container|Типографика||||||e5937780|{"children":[],"component":"$component(TypographyInlineCode)","componentProps":{"className":"space-y-4"}}",
  "TypographyLarge|container|Типографика||||||012309df|{"children":[],"component":"$component(TypographyLarge)","componentProps":{"className":"space-y-4"}}",
  "TypographyLead|container|Типографика||||||7ad354d2|{"children":[],"component":"$component(TypographyLead)","componentProps":{"className":"space-y-4"}}",
  "TypographyList|container|Типографика||||||bf79e410|{"children":[],"component":"$component(TypographyList)","componentProps":{"className":"space-y-4"}}",
  "TypographyMuted|container|Типографика||||||f784c6e6|{"children":[],"component":"$component(TypographyMuted)","componentProps":{"className":"space-y-4"}}",
  "TypographyP|container|Типографика||||||2301f5c2|{"children":[],"component":"$component(TypographyP)","componentProps":{"className":"space-y-4"}}",
  "TypographySmall|container|Типографика||||||642bcbb9|{"children":[],"component":"$component(TypographySmall)","componentProps":{"className":"space-y-4"}}",
  "$html(div)|container|HTML||||||fc6adf2b|{"children":[],"component":"$html(div)","componentProps":{"className":"flex gap-4"}}",
  "$html(section)|container|HTML||||||fc6adf2b|{"children":[],"component":"$html(section)","componentProps":{"className":"space-y-4"}}",
  "$html(article)|container|HTML||||||fc6adf2b|{"children":[],"component":"$html(article)","componentProps":{"className":"space-y-4"}}",
  "$html(aside)|container|HTML||||||fc6adf2b|{"children":[],"component":"$html(aside)","componentProps":{"className":"space-y-4"}}",
  "$html(header)|container|HTML||||||fc6adf2b|{"children":[],"component":"$html(header)","componentProps":{"className":"space-y-4"}}",
  "$html(footer)|container|HTML||||||fc6adf2b|{"children":[],"component":"$html(footer)","componentProps":{"className":"space-y-4"}}",
  "$html(nav)|container|HTML||||||fc6adf2b|{"children":[],"component":"$html(nav)","componentProps":{"className":"flex gap-4"}}",
  "$html(main)|container|HTML||||||fc6adf2b|{"children":[],"component":"$html(main)","componentProps":{"className":"space-y-4"}}",
  "$html(fieldset)|container|HTML||||||fc6adf2b|{"children":[],"component":"$html(fieldset)","componentProps":{"className":"space-y-4"}}",
  "$html(h1)|container|HTML||||||fc6adf2b|{"children":["Заголовок"],"component":"$html(h1)"}",
  "$html(h2)|container|HTML||||||fc6adf2b|{"children":["Заголовок"],"component":"$html(h2)"}",
  "$html(h3)|container|HTML||||||fc6adf2b|{"children":["Заголовок"],"component":"$html(h3)"}",
  "$html(h4)|container|HTML||||||fc6adf2b|{"children":["Заголовок"],"component":"$html(h4)"}",
  "$html(h5)|container|HTML||||||fc6adf2b|{"children":["Заголовок"],"component":"$html(h5)"}",
  "$html(h6)|container|HTML||||||fc6adf2b|{"children":["Заголовок"],"component":"$html(h6)"}",
  "$html(p)|container|HTML||||||fc6adf2b|{"children":["Текст"],"component":"$html(p)"}",
  "$html(span)|container|HTML||||||fc6adf2b|{"children":["Текст"],"component":"$html(span)"}",
  "$html(strong)|container|HTML||||||fc6adf2b|{"children":["Текст"],"component":"$html(strong)"}",
  "$html(em)|container|HTML||||||fc6adf2b|{"children":["Текст"],"component":"$html(em)"}",
  "$html(small)|container|HTML||||||fc6adf2b|{"children":["Текст"],"component":"$html(small)"}",
  "$html(blockquote)|container|HTML||||||a67dd273|{"children":["Цитата"],"component":"$html(blockquote)"}",
  "$html(code)|container|HTML||||||fc6adf2b|{"children":["code"],"component":"$html(code)"}",
  "$html(pre)|container|HTML||||||fc6adf2b|{"children":["Текст"],"component":"$html(pre)"}",
  "$html(a)|container|HTML||||||46d2e21b|{"children":["Ссылка"],"component":"$html(a)"}",
  "$html(label)|container|HTML||||||b56f50d5|{"children":["Подпись"],"component":"$html(label)"}",
  "$html(br)|container|HTML||||||fc6adf2b|{"component":"$html(br)","componentProps":{}}",
  "$html(ul)|container|HTML||||||fc6adf2b|{"children":[],"component":"$html(ul)","componentProps":{"className":"list-disc space-y-1 pl-5"}}",
  "$html(ol)|container|HTML||||||e343652b|{"children":[],"component":"$html(ol)","componentProps":{"className":"list-decimal space-y-1 pl-5"}}",
  "$html(li)|container|HTML||||||fc6adf2b|{"children":[],"component":"$html(li)","componentProps":{}}",
  "$html(hr)|container|HTML||||||fc6adf2b|{"component":"$html(hr)","componentProps":{}}",
  "$html(img)|container|HTML||||||e98e4af1|{"component":"$html(img)","componentProps":{}}",
  "FormArray|array|Массив||||||59036b17|{"array":"$model(items)","componentProps":{"addButtonLabel":"+ Добавить элемент"},"item":{"$template":{"children":[],"component":"$component(Box)","componentProps":{"className":"space-y-3"}}}}",
  "Wizard|container|Мастер||||||f7b00415|{"component":"$component(Wizard)","componentProps":{"steps":[{"children":[],"component":"$component(Step)","componentProps":{"title":"Шаг 1"}}]}}",
  "Step|container|Мастер||||||02666ea6|{"children":[],"component":"$component(Step)","componentProps":{"title":"Шаг"}}",
]
`;
