// registry.ts — привязка $component/$dataSource к реализациям. Регенерируется.

import { HexBox, HexField, HexInput } from '@hexa/ui';
import { defineRegistry, FIELD_WRAPPER } from '@reformer/renderer-json';
import { Step, Wizard } from './renderer.wizard';

export function createRegistry() {
  return defineRegistry((reg) => {
    reg.component(FIELD_WRAPPER, HexField);
    // Визард и тело шага — из шима renderer.wizard.tsx.
    reg.component('Wizard', Wizard);
    reg.component('Step', Step);
    reg.component('Box', HexBox);
    reg.component('Input', HexInput);
  });
}
