// validation.ts — валидация модели по шагам визарда. МОК: required выведены из схемы,
// допишите правила. Пишется один раз и при регенерации не затирается.

import { type FormModel } from '@reformer/core';
import { apply, defineValidationSchema, validateModel } from '@reformer/core/validation';
import type { ZayavkaNaKreditForm } from './types';

type Root = ZayavkaNaKreditForm;

/** Шаг 1 — shag-1-section. «Далее» проверяет только эти правила. */
export const step1 = defineValidationSchema<Root>(() => {
  // TODO: правила шага
});

/** Полная проверка (отправка): правила всех шагов. */
export const formValidation = defineValidationSchema<Root>(() => {
  apply(step1);
});

/** Под-схемы по порядку шагов: индекс — номер шага минус один. */
const stepValidations = [step1];

/**
 * Пошаговый контракт визарда (`FormWizard` → `config`). `touch: true` обязателен: киты показывают
 * ошибку только у тронутого поля, и без него остановленный шаг выглядел бы как неработающая кнопка.
 */
export function makeValidationConfig(model: FormModel<Root>) {
  return {
    validateStep: (step: number): Promise<boolean> => {
      const schema = stepValidations[step - 1];
      return schema === undefined
        ? Promise.resolve(true)
        : validateModel(model, schema, { touch: true });
    },
    validateAll: (): Promise<boolean> => validateModel(model, formValidation, { touch: true }),
  };
}
