# Zayavka na kredit

Сгенерированная форма (renderer-json). Рендерится и работает сразу на синтетических данных —
«доведение» сводится к реализации методов в ваших файлах.

## Встраивание

Скопируйте папку в `src/pages/demo/zayavka-na-kredit/` и зарегистрируйте форму:

```tsx
// ── Способ 1 (рекомендуемый): через реестр форм — одна строка на регистрацию.
// Всё остальное (схема, реестр компонентов, модель, поведение) описано записью реестра
// в index.tsx (zayavkaNaKreditFormEntry) — билдер перегенерирует её при изменениях.
import { getFormRegistry } from '@reformer/form-registry';
import { zayavkaNaKreditFormEntry } from './pages/demo/zayavka-na-kredit';

getFormRegistry().register(zayavkaNaKreditFormEntry);

// Дальше форму можно смонтировать где угодно, зная только её id:
//   <FormOutlet id="zayavka-na-kredit" />

// ── Способ 2: как обычную страницу, если реестр не используется.
import ZayavkaNaKreditPage from './pages/demo/zayavka-na-kredit';

// пункт в списке примеров:
{ id: 'zayavka-na-kredit', path: '/examples/zayavka-na-kredit', title: 'Zayavka na kredit', description: '' },

// маршрут внутри <Routes>:
<Route path="/examples/zayavka-na-kredit" element={<ZayavkaNaKreditPage />} />
```

## Файлы

Набор — канон раскладки renderer-json (`@reformer/mcp` docs/llms/06-form-directory-layout.md §1),
плоский: без `lib/` и `components/steps/`, запись реестра форм — в `index.tsx`.

- **Регенерируемые** (перезаписываются при повторной генерации): `renderer.schema.json`, `types.ts`, `model.ts`, `registry.ts`, `index.tsx`, `README.md`.
- **Ваши** (пишутся один раз, не затираются): `data-sources.ts`, `renderer.behavior.ts`, `form.behavior.ts`, `validation.ts`, `api.ts`.

Схема лежит в `renderer.schema.json` — допустимый вариант канона («схема как данные»), выбранный
ради того, чтобы форма открывалась обратно в билдере. Цена — пути `$model(...)` не проверяются на
компиляции: опечатка внутри них останется до рантайма, и никто её не поймает. Нужна проверка —
переложите схему в `renderer.schema.ts` литералом `defineJsonSchema<ZayavkaNaKreditForm>({ ... })`;
править её в билдере после этого будет нельзя.

Компоненты импортируются из `@hexa/ui` — того кита, который был
активен при генерации (`HexaUI`).

## Методы для реализации

- `api.ts` → `submitForm(values)` — отправка на реальный бэкенд (сейчас `console.info` и успех).
- `renderer.behavior.ts` → раскомментируйте `hideWhen` для секций: `shag-1-section`.
- `validation.ts` → допишите правила (сейчас — только `required`).
- `form.behavior.ts` → вычисляемые поля и условное включение (по желанию).
